[mstl.atl.calpoly.edu/_workshop/archive/index.html]
[backblue.gif]
[fade.gif]
[index.html]
[mstl.atl.calpoly.edu/icons/blank.gif]
[mstl.atl.calpoly.edu/icons/back.gif]
[mstl.atl.calpoly.edu/_workshop/archive/indexc052.html]
[mstl.atl.calpoly.edu/icons/folder.gif]
[mstl.atl.calpoly.edu/_workshop/archive/index.html]
[mstl.atl.calpoly.edu/_workshop/archive/indexf8a0.html]
[mstl.atl.calpoly.edu/_workshop/archive/indexc052.html]
[mstl.atl.calpoly.edu/_workshop/archive/indexbfec.html]
[mstl.atl.calpoly.edu/_workshop/archive/index30b5.html]
[mstl.atl.calpoly.edu/_workshop/archive/2004/index.html]
[mstl.atl.calpoly.edu/_workshop/archive/indexf8a0.html]
[mstl.atl.calpoly.edu/_workshop/archive/indexbfec.html]
[mstl.atl.calpoly.edu/_workshop/archive/2006/index.html]
[mstl.atl.calpoly.edu/_workshop/archive/2007/index.html]
[mstl.atl.calpoly.edu/_workshop/archive/index30b5.html]
[mstl.atl.calpoly.edu/_workshop/archive/2008/index.html]
[mstl.atl.calpoly.edu/_workshop/archive/2009/index.html]
[mstl.atl.calpoly.edu/_workshop/archive/2010/index.html]
[mstl.atl.calpoly.edu/_workshop/archive/2004/index.html]
[mstl.atl.calpoly.edu/_workshop/archive/2011/index.html]
[mstl.atl.calpoly.edu/_workshop/archive/2006/index.html]
[mstl.atl.calpoly.edu/_workshop/archive/2012/index.html]
[mstl.atl.calpoly.edu/_workshop/archive/2013/index.html]
[mstl.atl.calpoly.edu/_workshop/archive/2014/index.html]
[mstl.atl.calpoly.edu/_workshop/archive/2007/index.html]
[mstl.atl.calpoly.edu/_workshop/archive/2015/index.html]
[mstl.atl.calpoly.edu/_workshop/archive/2008/index.html]
[mstl.atl.calpoly.edu/_workshop/archive/2016/index.html]
[mstl.atl.calpoly.edu/_workshop/archive/2017/index.html]
[mstl.atl.calpoly.edu/_workshop/archive/2018/index.html]
[mstl.atl.calpoly.edu/_workshop/archive/2009/index.html]
[mstl.atl.calpoly.edu/_workshop/archive/2019/index.html]
[mstl.atl.calpoly.edu/_workshop/archive/2020/index.html]
[mstl.atl.calpoly.edu/_workshop/archive/2021/index.html]
[mstl.atl.calpoly.edu/_workshop/archive/2023/index.html]
[mstl.atl.calpoly.edu/_workshop/archive/indexb70a.html]
[mstl.atl.calpoly.edu/_workshop/archive/2010/index.html]
[mstl.atl.calpoly.edu/_workshop/archive/index72c9.html]
[mstl.atl.calpoly.edu/_workshop/archive/index5851.html]
[mstl.atl.calpoly.edu/_workshop/archive/indexad3f.html]
[mstl.atl.calpoly.edu/_workshop/archive/2011/index.html]
[mstl.atl.calpoly.edu/_workshop/archive/2004/indexc052.html]
[mstl.atl.calpoly.edu/_workshop/archive/2004/indexf8a0.html]
[mstl.atl.calpoly.edu/_workshop/archive/2012/index.html]
[mstl.atl.calpoly.edu/_workshop/archive/2004/indexbfec.html]
[mstl.atl.calpoly.edu/_workshop/archive/2013/index.html]
[mstl.atl.calpoly.edu/_workshop/archive/2004/index30b5.html]
[mstl.atl.calpoly.edu/_workshop/archive/2014/index.html]
[mstl.atl.calpoly.edu/_workshop/archive/2015/index.html]
[mstl.atl.calpoly.edu/_workshop/archive/2004/Spring/index.html]
[mstl.atl.calpoly.edu/_workshop/archive/2004/Summer/index.html]
[mstl.atl.calpoly.edu/_workshop/archive/2016/index.html]
[mstl.atl.calpoly.edu/_workshop/archive/2006/indexc052.html]
[mstl.atl.calpoly.edu/_workshop/archive/2017/index.html]
[mstl.atl.calpoly.edu/_workshop/archive/2018/index.html]
[mstl.atl.calpoly.edu/_workshop/archive/2006/indexf8a0.html]
[mstl.atl.calpoly.edu/_workshop/archive/2019/index.html]
[mstl.atl.calpoly.edu/_workshop/archive/2006/indexbfec.html]
[mstl.atl.calpoly.edu/_workshop/archive/2020/index.html]
[mstl.atl.calpoly.edu/_workshop/archive/2006/index30b5.html]
[mstl.atl.calpoly.edu/_workshop/archive/2021/index.html]
[mstl.atl.calpoly.edu/_workshop/archive/2006/Spring/index.html]
[mstl.atl.calpoly.edu/_workshop/archive/2006/Summer/index.html]
[mstl.atl.calpoly.edu/_workshop/archive/2023/index.html]
[mstl.atl.calpoly.edu/_workshop/archive/2007/indexc052.html]
[mstl.atl.calpoly.edu/_workshop/archive/indexb70a.html]
[mstl.atl.calpoly.edu/_workshop/archive/2007/indexf8a0.html]
[mstl.atl.calpoly.edu/_workshop/archive/2007/indexbfec.html]
[mstl.atl.calpoly.edu/_workshop/archive/index72c9.html]
[mstl.atl.calpoly.edu/_workshop/archive/2007/index30b5.html]
[mstl.atl.calpoly.edu/_workshop/archive/index5851.html]
[mstl.atl.calpoly.edu/_workshop/archive/2007/Spring/index.html]
[mstl.atl.calpoly.edu/_workshop/archive/2007/Summer/index.html]
[mstl.atl.calpoly.edu/_workshop/archive/2008/indexc052.html]
[mstl.atl.calpoly.edu/_workshop/archive/indexad3f.html]
[mstl.atl.calpoly.edu/_workshop/archive/2004/indexc052.html]
[mstl.atl.calpoly.edu/_workshop/archive/2008/indexf8a0.html]
[mstl.atl.calpoly.edu/_workshop/archive/2004/indexf8a0.html]
[mstl.atl.calpoly.edu/_workshop/archive/2008/indexbfec.html]
[mstl.atl.calpoly.edu/_workshop/archive/2004/indexbfec.html]
[mstl.atl.calpoly.edu/_workshop/archive/2008/index30b5.html]
[mstl.atl.calpoly.edu/_workshop/archive/2008/Spring/index.html]
[mstl.atl.calpoly.edu/_workshop/archive/2004/index30b5.html]
[mstl.atl.calpoly.edu/_workshop/archive/2008/Summer/index.html]
[mstl.atl.calpoly.edu/_workshop/archive/2009/indexc052.html]
[mstl.atl.calpoly.edu/icons/layout.gif]
[mstl.atl.calpoly.edu/_workshop/archive/2009/indexf8a0.html]
[mstl.atl.calpoly.edu/_workshop/archive/2009/indexbfec.html]
[mstl.atl.calpoly.edu/_workshop/archive/2004/Spring/01a-Clark-AMSAT.pdf]
[mstl.atl.calpoly.edu/_workshop/archive/2009/index30b5.html]
[mstl.atl.calpoly.edu/_workshop/archive/2009/Spring/index.html]
[mstl.atl.calpoly.edu/_workshop/archive/2004/Spring/01b-NASA-In Situ Genetics.pdf]
[mstl.atl.calpoly.edu/_workshop/archive/2009/Summer/index.html]
[mstl.atl.calpoly.edu/_workshop/archive/2010/indexc052.html]
[mstl.atl.calpoly.edu/_workshop/archive/2004/Spring/01c-Cutler(Stanford)-Global CubeSat.pdf]
[mstl.atl.calpoly.edu/_workshop/archive/2010/indexf8a0.html]
[mstl.atl.calpoly.edu/_workshop/archive/2010/indexbfec.html]
[mstl.atl.calpoly.edu/_workshop/archive/2004/Spring/02a-Day(PolySat)-Electronic Systems.pdf]
[mstl.atl.calpoly.edu/_workshop/archive/2010/index30b5.html]
[mstl.atl.calpoly.edu/_workshop/archive/2004/Spring/02b-Murakami(Hawaii)-Self Steering Antennas.pdf]
[mstl.atl.calpoly.edu/_workshop/archive/2010/Spring/index.html]
[mstl.atl.calpoly.edu/_workshop/archive/2004/Spring/02c-Villa(Kansas)-KUTESat.pdf]
[mstl.atl.calpoly.edu/_workshop/archive/2010/Summer/index.html]
[mstl.atl.calpoly.edu/_workshop/archive/2004/Spring/03b-NCUBE.pdf]
[mstl.atl.calpoly.edu/_workshop/archive/2011/indexc052.html]
[mstl.atl.calpoly.edu/_workshop/archive/2004/Spring/03c-Miau(Taiwan)-PACE.pdf]
[mstl.atl.calpoly.edu/_workshop/archive/2011/indexf8a0.html]
[mstl.atl.calpoly.edu/_workshop/archive/2004/Spring/03d-Yin-YamSat.pdf]
[mstl.atl.calpoly.edu/_workshop/archive/2011/indexbfec.html]
[mstl.atl.calpoly.edu/_workshop/archive/2004/Spring/04b-Bleier-QuakeSat.pdf]
[mstl.atl.calpoly.edu/_workshop/archive/2011/index30b5.html]
[mstl.atl.calpoly.edu/_workshop/archive/2004/Spring/04c-Toorian(CubeSat)-P-POD.pdf]
[mstl.atl.calpoly.edu/_workshop/archive/2011/Spring/index.html]
[mstl.atl.calpoly.edu/icons/image2.gif]
[mstl.atl.calpoly.edu/_workshop/archive/2011/Summer/index.html]
[mstl.atl.calpoly.edu/_workshop/archive/2004/Spring/spring2004_logo.jpg]
[mstl.atl.calpoly.edu/_workshop/archive/2004/Spring/index.html]
[mstl.atl.calpoly.edu/_workshop/archive/2012/indexc052.html]
[mstl.atl.calpoly.edu/_workshop/archive/2012/indexf8a0.html]
[mstl.atl.calpoly.edu/_workshop/archive/2004/Summer/1-Twiggs-HowFarhavewecome.pdf]
[mstl.atl.calpoly.edu/_workshop/archive/2012/indexbfec.html]
[mstl.atl.calpoly.edu/_workshop/archive/2012/index30b5.html]
[mstl.atl.calpoly.edu/_workshop/archive/2004/Summer/2-Tu-AltitudeDeterminationPACE_ADC.pdf]
[mstl.atl.calpoly.edu/_workshop/archive/2012/Spring/index.html]
[mstl.atl.calpoly.edu/_workshop/archive/2004/Summer/3-Mashburn-MSU_Earthstation.pdf]
[mstl.atl.calpoly.edu/_workshop/archive/2012/Summer/index.html]
[mstl.atl.calpoly.edu/_workshop/archive/2004/Summer/4-Zee-NanoSatelliteActiveyatUTIAS.pdf]
[mstl.atl.calpoly.edu/_workshop/archive/2013/indexc052.html]
[mstl.atl.calpoly.edu/_workshop/archive/2004/Summer/5-Clemens-DNEPR_integration.pdf]
[mstl.atl.calpoly.edu/_workshop/archive/2013/indexf8a0.html]
[mstl.atl.calpoly.edu/_workshop/archive/2004/Summer/6-Toorian-Future_launches.pdf]
[mstl.atl.calpoly.edu/_workshop/archive/2013/indexbfec.html]
[mstl.atl.calpoly.edu/_workshop/archive/2004/Summer/7-Ballard-DOD_picosat_launch.pdf]
[mstl.atl.calpoly.edu/_workshop/archive/2013/index30b5.html]
[mstl.atl.calpoly.edu/_workshop/archive/2004/Summer/8-Roesler-DARPA_Virtual_Space_Office.pdf]
[mstl.atl.calpoly.edu/_workshop/archive/2013/Spring/index.html]
[mstl.atl.calpoly.edu/_workshop/archive/2004/Summer/9-Lee-GeneSat-1.pdf]
[mstl.atl.calpoly.edu/_workshop/archive/2013/Summer/index.html]
[mstl.atl.calpoly.edu/_workshop/archive/2004/Summer/10-White-EyasSat.pdf]
[mstl.atl.calpoly.edu/_workshop/archive/2014/indexc052.html]
[mstl.atl.calpoly.edu/_workshop/archive/2004/Summer/11-Kalman-CSK_by_Pumpkin.pdf]
[mstl.atl.calpoly.edu/_workshop/archive/2014/indexf8a0.html]
[mstl.atl.calpoly.edu/_workshop/archive/2004/Summer/agenda.pdf]
[mstl.atl.calpoly.edu/_workshop/archive/2004/Summer/index.html]
[mstl.atl.calpoly.edu/_workshop/archive/2014/indexbfec.html]
[mstl.atl.calpoly.edu/_workshop/archive/2014/index30b5.html]
[mstl.atl.calpoly.edu/_workshop/archive/2006/indexc052.html]
[mstl.atl.calpoly.edu/_workshop/archive/2014/Spring/index.html]
[mstl.atl.calpoly.edu/_workshop/archive/2014/Summer/index.html]
[mstl.atl.calpoly.edu/_workshop/archive/2006/indexf8a0.html]
[mstl.atl.calpoly.edu/_workshop/archive/2015/indexc052.html]
[mstl.atl.calpoly.edu/_workshop/archive/2015/indexf8a0.html]
[mstl.atl.calpoly.edu/_workshop/archive/2006/indexbfec.html]
[mstl.atl.calpoly.edu/_workshop/archive/2015/indexbfec.html]
[mstl.atl.calpoly.edu/_workshop/archive/2015/index30b5.html]
[mstl.atl.calpoly.edu/_workshop/archive/2006/index30b5.html]
[mstl.atl.calpoly.edu/_workshop/archive/2015/Spring/index.html]
[mstl.atl.calpoly.edu/_workshop/archive/2015/Summer/index.html]
[mstl.atl.calpoly.edu/_workshop/archive/2016/indexc052.html]
[mstl.atl.calpoly.edu/_workshop/archive/2006/Spring/01-Toorian-Overview.pdf]
[mstl.atl.calpoly.edu/_workshop/archive/2016/indexf8a0.html]
[mstl.atl.calpoly.edu/_workshop/archive/2006/Spring/02-Jacobs-Electra.pdf]
[mstl.atl.calpoly.edu/_workshop/archive/2016/indexbfec.html]
[mstl.atl.calpoly.edu/_workshop/archive/2006/Spring/03-Miau-PACE.pdf]
[mstl.atl.calpoly.edu/_workshop/archive/2016/index30b5.html]
[mstl.atl.calpoly.edu/_workshop/archive/2006/Spring/04-Barnard-SMARTSat.pdf]
[mstl.atl.calpoly.edu/_workshop/archive/2016/Spring/index.html]
[mstl.atl.calpoly.edu/_workshop/archive/2006/Spring/05-Grimes-AubieSat1.pdf]
[mstl.atl.calpoly.edu/_workshop/archive/2016/Summer/index.html]
[mstl.atl.calpoly.edu/_workshop/archive/2006/Spring/06-Noca-SwissCube.pdf]
[mstl.atl.calpoly.edu/_workshop/archive/2017/indexc052.html]
[mstl.atl.calpoly.edu/_workshop/archive/2006/Spring/07-Dumitru-GOLIAT.pdf]
[mstl.atl.calpoly.edu/_workshop/archive/2017/indexf8a0.html]
[mstl.atl.calpoly.edu/_workshop/archive/2006/Spring/08-Inalhan-ITU CubeSat.pdf]
[mstl.atl.calpoly.edu/_workshop/archive/2017/indexbfec.html]
[mstl.atl.calpoly.edu/_workshop/archive/2006/Spring/09-Twiggs-Education.pdf]
[mstl.atl.calpoly.edu/_workshop/archive/2017/index30b5.html]
[mstl.atl.calpoly.edu/_workshop/archive/2006/Spring/10-Dabrowski-ION CubeSat.pdf]
[mstl.atl.calpoly.edu/_workshop/archive/2017/Spring/index.html]
[mstl.atl.calpoly.edu/_workshop/archive/2006/Spring/11-Clarke-AMSAT.pdf]
[mstl.atl.calpoly.edu/_workshop/archive/2017/Summer/index.html]
[mstl.atl.calpoly.edu/_workshop/archive/2006/Spring/12-Lane-Nanosat.pdf]
[mstl.atl.calpoly.edu/_workshop/archive/2018/indexc052.html]
[mstl.atl.calpoly.edu/_workshop/archive/2006/Spring/13-Tapio-CubeSats.pdf]
[mstl.atl.calpoly.edu/_workshop/archive/2018/indexf8a0.html]
[mstl.atl.calpoly.edu/_workshop/archive/2006/Spring/14-Nakamura-Ground Station Network.pdf]
[mstl.atl.calpoly.edu/_workshop/archive/2018/indexbfec.html]
[mstl.atl.calpoly.edu/_workshop/archive/2006/Spring/15-Mortensen-Education Based.pdf]
[mstl.atl.calpoly.edu/_workshop/archive/2018/index30b5.html]
[mstl.atl.calpoly.edu/_workshop/archive/2006/Spring/16-Leach-Space Access Technologies.pdf]
[mstl.atl.calpoly.edu/_workshop/archive/2018/Spring/index.html]
[mstl.atl.calpoly.edu/_workshop/archive/2006/Spring/17-Ridenoure-RocketPod.pdf]
[mstl.atl.calpoly.edu/_workshop/archive/2019/indexc052.html]
[mstl.atl.calpoly.edu/_workshop/archive/2006/Spring/18-Schuch-The Orbital Classroom.pdf]
[mstl.atl.calpoly.edu/_workshop/archive/2019/indexf8a0.html]
[mstl.atl.calpoly.edu/_workshop/archive/2006/Spring/19-Kalman-Pumpkin,Inc.pdf]
[mstl.atl.calpoly.edu/_workshop/archive/2019/indexbfec.html]
[mstl.atl.calpoly.edu/_workshop/archive/2006/Spring/20-Vacco.pdf]
[mstl.atl.calpoly.edu/_workshop/archive/2019/index30b5.html]
[mstl.atl.calpoly.edu/_workshop/archive/2006/Spring/spring2006_poster.jpg]
[mstl.atl.calpoly.edu/_workshop/archive/2006/Spring/index.html]
[mstl.atl.calpoly.edu/_workshop/archive/2019/Spring/index.html]
[mstl.atl.calpoly.edu/_workshop/archive/2020/indexc052.html]
[mstl.atl.calpoly.edu/_workshop/archive/2020/indexf8a0.html]
[mstl.atl.calpoly.edu/_workshop/archive/2006/Summer/1-Brooks-DNEPR_launch.pdf]
[mstl.atl.calpoly.edu/_workshop/archive/2020/indexbfec.html]
[mstl.atl.calpoly.edu/_workshop/archive/2006/Summer/2-MacGillivray-Observations_from_Industry.pdf]
[mstl.atl.calpoly.edu/_workshop/archive/2020/index30b5.html]
[mstl.atl.calpoly.edu/_workshop/archive/2006/Summer/3-Marthinussen-Norwegian_Satellite_Program.pdf]
[mstl.atl.calpoly.edu/_workshop/archive/2020/Spring/index.html]
[mstl.atl.calpoly.edu/_workshop/archive/2006/Summer/4-Narheim-AIS_Detection_Probability.pdf]
[mstl.atl.calpoly.edu/_workshop/archive/2021/indexc052.html]
[mstl.atl.calpoly.edu/_workshop/archive/2006/Summer/5-Kalman-Choosing_Components.pdf]
[mstl.atl.calpoly.edu/_workshop/archive/2021/indexf8a0.html]
[mstl.atl.calpoly.edu/_workshop/archive/2006/Summer/6-Bruninga-ParkinsonSAT.pdf]
[mstl.atl.calpoly.edu/_workshop/archive/2021/indexbfec.html]
[mstl.atl.calpoly.edu/_workshop/archive/2006/Summer/6-Bruninga-RAFT.pdf]
[mstl.atl.calpoly.edu/_workshop/archive/2021/index30b5.html]
[mstl.atl.calpoly.edu/_workshop/archive/2006/Summer/7-Klumpar-Dnepr_Launch_Perspectives.pdf]
[mstl.atl.calpoly.edu/_workshop/archive/2021/posters/index.html]
[mstl.atl.calpoly.edu/_workshop/archive/2006/Summer/8-Chandler-KySat_Status_and_Direction.pdf]
[mstl.atl.calpoly.edu/_workshop/archive/2021/presentations/index.html]
[mstl.atl.calpoly.edu/_workshop/archive/2006/Summer/9-Ubbels-Delfi_C3.pdf]
[mstl.atl.calpoly.edu/_workshop/archive/2023/indexc052.html]
[mstl.atl.calpoly.edu/_workshop/archive/2006/Summer/10-Yuan-KatySat_Make_Space_Fun.pdf]
[mstl.atl.calpoly.edu/_workshop/archive/2023/indexf8a0.html]
[mstl.atl.calpoly.edu/_workshop/archive/2006/Summer/11-Deems-Risk_Management.pdf]
[mstl.atl.calpoly.edu/_workshop/archive/2023/indexbfec.html]
[mstl.atl.calpoly.edu/_workshop/archive/2006/Summer/12-Kekez-NLSX_Launch_Program.pdf]
[mstl.atl.calpoly.edu/_workshop/archive/2023/index30b5.html]
[mstl.atl.calpoly.edu/_workshop/archive/2006/Summer/13-Ridenoure-RocketPod.pdf]
[mstl.atl.calpoly.edu/_workshop/archive/2023/presentations/index.html]
[mstl.atl.calpoly.edu/_workshop/archive/2006/Summer/14-Leach-Launch_Integration_and_Opportunities.pdf]
[mstl.atl.calpoly.edu/_workshop/archive/2023/recordings/index.html]
[mstl.atl.calpoly.edu/_workshop/archive/2006/Summer/15-England-Atlas_V.pdf]
[mstl.atl.calpoly.edu/_workshop/archive/2006/Summer/index.html]
[mstl.atl.calpoly.edu/_workshop/archive/2004/indexb70a.html]
[mstl.atl.calpoly.edu/_workshop/archive/2004/index72c9.html]
[mstl.atl.calpoly.edu/_workshop/archive/2007/indexc052.html]
[mstl.atl.calpoly.edu/_workshop/archive/2004/index5851.html]
[mstl.atl.calpoly.edu/_workshop/archive/2004/indexad3f.html]
[mstl.atl.calpoly.edu/_workshop/archive/2007/indexf8a0.html]
[mstl.atl.calpoly.edu/_workshop/archive/2004/Spring/indexc052.html]
[mstl.atl.calpoly.edu/_workshop/archive/2004/Spring/indexf8a0.html]
[mstl.atl.calpoly.edu/_workshop/archive/2007/indexbfec.html]
[mstl.atl.calpoly.edu/_workshop/archive/2004/Spring/indexbfec.html]
[mstl.atl.calpoly.edu/_workshop/archive/2004/Spring/index30b5.html]
[mstl.atl.calpoly.edu/_workshop/archive/2007/index30b5.html]
[mstl.atl.calpoly.edu/_workshop/archive/2004/Summer/indexc052.html]
[mstl.atl.calpoly.edu/_workshop/archive/2004/Summer/indexf8a0.html]
[mstl.atl.calpoly.edu/_workshop/archive/2004/Summer/indexbfec.html]
[mstl.atl.calpoly.edu/_workshop/archive/2007/Spring/0a-MacGillivray-NanoSatellites.pdf]
[mstl.atl.calpoly.edu/_workshop/archive/2004/Summer/index30b5.html]
[mstl.atl.calpoly.edu/_workshop/archive/2007/Spring/0b-Brooks-CubeSats.pdf]
[mstl.atl.calpoly.edu/_workshop/archive/2006/indexb70a.html]
[mstl.atl.calpoly.edu/_workshop/archive/2007/Spring/01a-Lewin-JHU_APL.pdf]
[mstl.atl.calpoly.edu/_workshop/archive/2006/index72c9.html]
[mstl.atl.calpoly.edu/_workshop/archive/2007/Spring/01b-Pranajaya-SFL.pdf]
[mstl.atl.calpoly.edu/_workshop/archive/2006/index5851.html]
[mstl.atl.calpoly.edu/_workshop/archive/2007/Spring/01c-Scharlemann-uPPT.pdf]
[mstl.atl.calpoly.edu/_workshop/archive/2006/indexad3f.html]
[mstl.atl.calpoly.edu/_workshop/archive/2007/Spring/01d-Inalhan-ITU pSAT.pdf]
[mstl.atl.calpoly.edu/_workshop/archive/2006/Spring/indexc052.html]
[mstl.atl.calpoly.edu/_workshop/archive/2007/Spring/01e-Voronka-Space Tethers.pdf]
[mstl.atl.calpoly.edu/_workshop/archive/2006/Spring/indexf8a0.html]
[mstl.atl.calpoly.edu/_workshop/archive/2007/Spring/01f-Meurer-Civil Academic.pdf]
[mstl.atl.calpoly.edu/_workshop/archive/2006/Spring/indexbfec.html]
[mstl.atl.calpoly.edu/_workshop/archive/2007/Spring/02a-Kalman-Additional Processors.pdf]
[mstl.atl.calpoly.edu/_workshop/archive/2006/Spring/index30b5.html]
[mstl.atl.calpoly.edu/_workshop/archive/2007/Spring/02b-Aparicio Pico-Cubesat-UD.pdf]
[mstl.atl.calpoly.edu/_workshop/archive/2006/Summer/indexc052.html]
[mstl.atl.calpoly.edu/_workshop/archive/2007/Spring/02c-Jayaram-BillikenSatII.pdf]
[mstl.atl.calpoly.edu/_workshop/archive/2006/Summer/indexf8a0.html]
[mstl.atl.calpoly.edu/_workshop/archive/2007/Spring/02d-Roethlisberger-SwissCube.pdf]
[mstl.atl.calpoly.edu/_workshop/archive/2006/Summer/indexbfec.html]
[mstl.atl.calpoly.edu/_workshop/archive/2007/Spring/02e-Baker-Nanosat.pdf]
[mstl.atl.calpoly.edu/_workshop/archive/2006/Summer/index30b5.html]
[mstl.atl.calpoly.edu/_workshop/archive/2007/Spring/02f-Newman-Reflections.pdf]
[mstl.atl.calpoly.edu/_workshop/archive/2007/indexb70a.html]
[mstl.atl.calpoly.edu/_workshop/archive/2007/Spring/03a-Worden-Benefits.pdf]
[mstl.atl.calpoly.edu/_workshop/archive/2007/index72c9.html]
[mstl.atl.calpoly.edu/_workshop/archive/2007/Spring/03b-Sakoda-ESPA-Class.pdf]
[mstl.atl.calpoly.edu/_workshop/archive/2007/index5851.html]
[mstl.atl.calpoly.edu/_workshop/archive/2007/Spring/03c-Moore-Stochastic Attitude Control.pdf]
[mstl.atl.calpoly.edu/_workshop/archive/2007/indexad3f.html]
[mstl.atl.calpoly.edu/_workshop/archive/2007/Spring/03d-Ballard-STS116 and TacSat-2.pdf]
[mstl.atl.calpoly.edu/_workshop/archive/2007/Spring/indexc052.html]
[mstl.atl.calpoly.edu/_workshop/archive/2007/Spring/03e-Lora-INTA PicoSatellite OPTOS.pdf]
[mstl.atl.calpoly.edu/_workshop/archive/2007/Spring/indexf8a0.html]
[mstl.atl.calpoly.edu/_workshop/archive/2007/Spring/03f-Ridenoure-RocketPod.pdf]
[mstl.atl.calpoly.edu/_workshop/archive/2007/Spring/indexbfec.html]
[mstl.atl.calpoly.edu/_workshop/archive/2007/Spring/04a-Nunez-Antennas and Attitude Control.pdf]
[mstl.atl.calpoly.edu/_workshop/archive/2007/Spring/index30b5.html]
[mstl.atl.calpoly.edu/_workshop/archive/2007/Spring/04b-Marrone-CubeSat Electric-Gravitic.pdf]
[mstl.atl.calpoly.edu/_workshop/archive/2007/Spring/04c-Twiggs-Launch and Field.pdf]
[mstl.atl.calpoly.edu/_workshop/archive/2007/Spring/04d-Grimes-Practical Systems Engineering.pdf]
[mstl.atl.calpoly.edu/_workshop/archive/2007/Spring/04e-Osuna-UCISAT-1.pdf]
[mstl.atl.calpoly.edu/_workshop/archive/2007/Spring/05a-Chrien-Musings.pdf]
[mstl.atl.calpoly.edu/_workshop/archive/2007/Spring/05aa-Chrien-Lessons Learned.pdf]
[mstl.atl.calpoly.edu/_workshop/archive/2007/Spring/05b-Yost-GeneSat-1.pdf]
[mstl.atl.calpoly.edu/_workshop/archive/2007/Spring/05c-Patel-PolySat.pdf]
[mstl.atl.calpoly.edu/_workshop/archive/2007/Spring/05d-Glassey-PicoSatellites Alternative Comm.pdf]
[mstl.atl.calpoly.edu/_workshop/archive/2007/Spring/05e-Lane-Cubes Help Industry.pdf]
[mstl.atl.calpoly.edu/_workshop/archive/2007/Spring/spring2007_poster.jpg]
[mstl.atl.calpoly.edu/_workshop/archive/2007/Spring/index.html]
[mstl.atl.calpoly.edu/_workshop/archive/2007/Summer/index.html]
[mstl.atl.calpoly.edu/_workshop/archive/2008/indexc052.html]
[mstl.atl.calpoly.edu/_workshop/archive/2007/Summer/indexc052.html]
[mstl.atl.calpoly.edu/_workshop/archive/2007/Summer/indexf8a0.html]
[mstl.atl.calpoly.edu/_workshop/archive/2008/indexf8a0.html]
[mstl.atl.calpoly.edu/_workshop/archive/2007/Summer/indexbfec.html]
[mstl.atl.calpoly.edu/_workshop/archive/2007/Summer/index30b5.html]
[mstl.atl.calpoly.edu/_workshop/archive/2008/indexbfec.html]
[mstl.atl.calpoly.edu/_workshop/archive/2007/Summer/Day 1/index.html]
[mstl.atl.calpoly.edu/_workshop/archive/2007/Summer/Day 2/index.html]
[mstl.atl.calpoly.edu/_workshop/archive/2008/index30b5.html]
[mstl.atl.calpoly.edu/_workshop/archive/2008/indexb70a.html]
[mstl.atl.calpoly.edu/_workshop/archive/2008/index72c9.html]
[mstl.atl.calpoly.edu/_workshop/archive/2008/index5851.html]
[mstl.atl.calpoly.edu/_workshop/archive/2008/Spring/Poster - Schindler - Dresden University SOMP CubeSat.pdf]
[mstl.atl.calpoly.edu/_workshop/archive/2008/indexad3f.html]
[mstl.atl.calpoly.edu/_workshop/archive/2008/Spring/indexc052.html]
[mstl.atl.calpoly.edu/_workshop/archive/2008/Spring/spring2008_poster.63.delayed]
[mstl.atl.calpoly.edu/_workshop/archive/2008/Spring/index.html]
[mstl.atl.calpoly.edu/_workshop/archive/2008/Spring/indexf8a0.html]
[mstl.atl.calpoly.edu/_workshop/archive/2008/Spring/indexbfec.html]
[mstl.atl.calpoly.edu/_workshop/archive/2008/Summer/index.html]
[mstl.atl.calpoly.edu/_workshop/archive/2008/Spring/index30b5.html]
[mstl.atl.calpoly.edu/_workshop/archive/2008/Spring/Day 1/index.html]
[mstl.atl.calpoly.edu/_workshop/archive/2009/indexc052.html]
[mstl.atl.calpoly.edu/_workshop/archive/2008/Spring/Day 2/index.html]
[mstl.atl.calpoly.edu/_workshop/archive/2009/indexf8a0.html]
[mstl.atl.calpoly.edu/_workshop/archive/2008/Spring/Day 3/index.html]
[mstl.atl.calpoly.edu/_workshop/archive/2008/Summer/indexc052.html]
[mstl.atl.calpoly.edu/_workshop/archive/2009/indexbfec.html]
[mstl.atl.calpoly.edu/_workshop/archive/2008/Summer/indexf8a0.html]
[mstl.atl.calpoly.edu/_workshop/archive/2008/Summer/indexbfec.html]
[mstl.atl.calpoly.edu/_workshop/archive/2009/index30b5.html]
[mstl.atl.calpoly.edu/_workshop/archive/2008/Summer/index30b5.html]
[mstl.atl.calpoly.edu/_workshop/archive/2008/Summer/Day 1/index.html]
[mstl.atl.calpoly.edu/_workshop/archive/2008/Summer/Day 2/index.html]
[mstl.atl.calpoly.edu/_workshop/archive/2009/indexb70a.html]
[mstl.atl.calpoly.edu/_workshop/archive/2009/Spring/Keynote - Bournes.pdf]
[mstl.atl.calpoly.edu/_workshop/archive/2009/index72c9.html]
[mstl.atl.calpoly.edu/_workshop/archive/2009/index5851.html]
[mstl.atl.calpoly.edu/_workshop/archive/2009/Spring/Schedule_V4.pdf]
[mstl.atl.calpoly.edu/_workshop/archive/2009/indexad3f.html]
[mstl.atl.calpoly.edu/_workshop/archive/2009/Spring/indexc052.html]
[mstl.atl.calpoly.edu/_workshop/archive/2009/Spring/spring2009_poster.jpg]
[mstl.atl.calpoly.edu/_workshop/archive/2009/Spring/index.html]
[mstl.atl.calpoly.edu/_workshop/archive/2009/Spring/indexf8a0.html]
[mstl.atl.calpoly.edu/_workshop/archive/2009/Spring/indexbfec.html]
[mstl.atl.calpoly.edu/_workshop/archive/2009/Summer/index.html]
[mstl.atl.calpoly.edu/_workshop/archive/2009/Spring/index30b5.html]
[mstl.atl.calpoly.edu/_workshop/archive/2009/Spring/Session 1 - New Tech Group 1/index.html]
[mstl.atl.calpoly.edu/_workshop/archive/2010/indexc052.html]
[mstl.atl.calpoly.edu/_workshop/archive/2010/indexf8a0.html]
[mstl.atl.calpoly.edu/_workshop/archive/2009/Spring/Session 2 - Science Missions/index.html]
[mstl.atl.calpoly.edu/_workshop/archive/2009/Spring/Session 4 - CubeSat Communications/index.html]
[mstl.atl.calpoly.edu/_workshop/archive/2009/Spring/Session 3 - Space Weather/index.html]
[mstl.atl.calpoly.edu/_workshop/archive/2009/Spring/Session 5 - CubeSat Missions Group 1/index.html]
[mstl.atl.calpoly.edu/_workshop/archive/2010/indexbfec.html]
[mstl.atl.calpoly.edu/_workshop/archive/2010/index30b5.html]
[mstl.atl.calpoly.edu/_workshop/archive/2009/Spring/Session 6 - Program Management/index.html]
[mstl.atl.calpoly.edu/_workshop/archive/2009/Spring/Session 7 - CubeSat Alternatives/index.html]
[mstl.atl.calpoly.edu/_workshop/archive/2009/Spring/Session 8 - Access to Space/index.html]
[mstl.atl.calpoly.edu/_workshop/archive/2010/Spring/spring2010_poster.jpg]
[mstl.atl.calpoly.edu/_workshop/archive/2009/Spring/Session 9 - New Tech Group 2/index.html]
[mstl.atl.calpoly.edu/_workshop/archive/2010/Spring/index.html]
[mstl.atl.calpoly.edu/_workshop/archive/2009/Spring/Session 10 - CubeSat Missions Group 2/index.html]
[mstl.atl.calpoly.edu/_workshop/archive/2009/Summer/indexc052.html]
[mstl.atl.calpoly.edu/_workshop/archive/2010/Summer/01 - Kief - Space Plugnplay.pdf]
[mstl.atl.calpoly.edu/_workshop/archive/2009/Summer/indexf8a0.html]
[mstl.atl.calpoly.edu/_workshop/archive/2009/Summer/indexbfec.html]
[mstl.atl.calpoly.edu/_workshop/archive/2010/Summer/02 - Clark - CubeSat Innovation.pdf]
[mstl.atl.calpoly.edu/_workshop/archive/2009/Summer/index30b5.html]
[mstl.atl.calpoly.edu/_workshop/archive/2009/Summer/Day 1/index.html]
[mstl.atl.calpoly.edu/_workshop/archive/2010/Summer/03 - Twiggs - Upcoming Launches.pdf]
[mstl.atl.calpoly.edu/_workshop/archive/2009/Summer/Day 2/index.html]
[mstl.atl.calpoly.edu/_workshop/archive/2010/indexb70a.html]
[mstl.atl.calpoly.edu/_workshop/archive/2010/Summer/04 - Charania - Nanolauncher.pdf]
[mstl.atl.calpoly.edu/_workshop/archive/2010/index72c9.html]
[mstl.atl.calpoly.edu/_workshop/archive/2010/index5851.html]
[mstl.atl.calpoly.edu/_workshop/archive/2010/indexad3f.html]
[mstl.atl.calpoly.edu/_workshop/archive/2010/Summer/05 - Kekez - UTIAS SFL.pdf]
[mstl.atl.calpoly.edu/_workshop/archive/2010/Spring/indexc052.html]
[mstl.atl.calpoly.edu/_workshop/archive/2010/Spring/indexf8a0.html]
[mstl.atl.calpoly.edu/_workshop/archive/2010/Summer/06 - Milliron - TubeSats.pdf]
[mstl.atl.calpoly.edu/_workshop/archive/2010/Spring/indexbfec.html]
[mstl.atl.calpoly.edu/_workshop/archive/2010/Spring/index30b5.html]
[mstl.atl.calpoly.edu/_workshop/archive/2010/Summer/07 - Johnson - myPocketQub.pdf]
[mstl.atl.calpoly.edu/_workshop/archive/2010/Spring/Day 1/index.html]
[mstl.atl.calpoly.edu/_workshop/archive/2010/Summer/08 - Lynaugh - S-Band SDR - Hypersonic Flight Experiment.pdf]
[mstl.atl.calpoly.edu/_workshop/archive/2010/Spring/Day 2/index.html]
[mstl.atl.calpoly.edu/_workshop/archive/2010/Summer/09 - Kalman - Solar Arrays.pdf]
[mstl.atl.calpoly.edu/_workshop/archive/2010/Spring/Day 3/index.html]
[mstl.atl.calpoly.edu/_workshop/archive/2010/Summer/10 - Barrington-Brown - Air Cored vs. Rod Magnetorquer.pdf]
[mstl.atl.calpoly.edu/_workshop/archive/2010/Spring/Video/index.html]
[mstl.atl.calpoly.edu/_workshop/archive/2010/Summer/indexf8a0.html]
[mstl.atl.calpoly.edu/_workshop/archive/2010/Summer/indexc052.html]
[mstl.atl.calpoly.edu/_workshop/archive/2010/Summer/11 - Able - CP7 Orbital Damper.pdf]
[mstl.atl.calpoly.edu/_workshop/archive/2010/Summer/indexbfec.html]
[mstl.atl.calpoly.edu/_workshop/archive/2010/Summer/index30b5.html]
[mstl.atl.calpoly.edu/_workshop/archive/2010/Summer/12 - Jacobs - Reconfigurable Computer.pdf]
[mstl.atl.calpoly.edu/_workshop/archive/2010/Summer/13 - Nallamothu - CSSWE, C&DH with REPTILE.pdf]
[mstl.atl.calpoly.edu/_workshop/archive/2010/Summer/14 - Fisher - Radar Calibration CubeSat.pdf]
[mstl.atl.calpoly.edu/_workshop/archive/2010/Summer/15 - Robinson - NOAA CRSRA.pdf]
[mstl.atl.calpoly.edu/_workshop/archive/2010/Summer/16 - Cao - TVC1 Desktop Vacuum Chamber.pdf]
[mstl.atl.calpoly.edu/_workshop/archive/2010/Summer/17 - Bruinga - PSat.pdf]
[mstl.atl.calpoly.edu/_workshop/archive/2010/Summer/19 - Leveque - CubeSat SPA and SHS.pdf]
[mstl.atl.calpoly.edu/_workshop/archive/2010/Summer/20 - Samson - Dependable Multiprocessor.pdf]
[mstl.atl.calpoly.edu/_workshop/archive/2010/Summer/21 - Fuller, Janson - Balloon Drag Devices.pdf]
[mstl.atl.calpoly.edu/_workshop/archive/2010/Summer/22 - Bonnema - CubeSat Developments.pdf]
[mstl.atl.calpoly.edu/_workshop/archive/2010/Summer/index.html]
[mstl.atl.calpoly.edu/_workshop/archive/2011/indexc052.html]
[mstl.atl.calpoly.edu/_workshop/archive/2011/indexf8a0.html]
[mstl.atl.calpoly.edu/_workshop/archive/2011/indexbfec.html]
[mstl.atl.calpoly.edu/_workshop/archive/2011/index72c9.html]
[mstl.atl.calpoly.edu/_workshop/archive/2011/indexb70a.html]
[mstl.atl.calpoly.edu/_workshop/archive/2011/index30b5.html]
[mstl.atl.calpoly.edu/_workshop/archive/2011/index5851.html]
[mstl.atl.calpoly.edu/_workshop/archive/2011/indexad3f.html]
[mstl.atl.calpoly.edu/_workshop/archive/2011/Spring/spring2011_poster.jpg]
[mstl.atl.calpoly.edu/_workshop/archive/2011/Spring/index.html]
[mstl.atl.calpoly.edu/_workshop/archive/2011/Spring/indexc052.html]
[mstl.atl.calpoly.edu/_workshop/archive/2011/Spring/indexf8a0.html]
[mstl.atl.calpoly.edu/_workshop/archive/2011/Spring/indexbfec.html]
[mstl.atl.calpoly.edu/_workshop/archive/2011/Spring/index30b5.html]
[mstl.atl.calpoly.edu/_workshop/archive/2011/Summer/01-Safyan-PhoneSat.pdf]
[mstl.atl.calpoly.edu/_workshop/archive/2011/Spring/Day 1/index.html]
[mstl.atl.calpoly.edu/_workshop/archive/2011/Spring/Day 2/index.html]
[mstl.atl.calpoly.edu/_workshop/archive/2011/Summer/02-Elstak-ISISClosingtheLink.pdf]
[mstl.atl.calpoly.edu/_workshop/archive/2011/Spring/Day 3/index.html]
[mstl.atl.calpoly.edu/_workshop/archive/2011/Spring/Posters/index.html]
[mstl.atl.calpoly.edu/_workshop/archive/2011/Summer/03-Johnson-CubeSatondemand.pdf]
[mstl.atl.calpoly.edu/_workshop/archive/2011/Spring/Video/index.html]
[mstl.atl.calpoly.edu/_workshop/archive/2011/Summer/indexc052.html]
[mstl.atl.calpoly.edu/_workshop/archive/2011/Summer/04-Klofas-CubeSatSurvey.pdf]
[mstl.atl.calpoly.edu/_workshop/archive/2011/Summer/indexf8a0.html]
[mstl.atl.calpoly.edu/_workshop/archive/2011/Summer/05-Boghosian-CostEstimatingMethod.pdf]
[mstl.atl.calpoly.edu/_workshop/archive/2011/Summer/indexbfec.html]
[mstl.atl.calpoly.edu/_workshop/archive/2011/Summer/06-InterorbitalSystems.pdf]
[mstl.atl.calpoly.edu/_workshop/archive/2011/Summer/index30b5.html]
[mstl.atl.calpoly.edu/_workshop/archive/2011/Summer/07-Massey-COPPER.pdf]
[mstl.atl.calpoly.edu/_workshop/archive/2011/Summer/08-Clark-PlugandPlayAttitude.pdf]
[mstl.atl.calpoly.edu/_workshop/archive/2011/Summer/09-Bruninga-ParkinsonSAT.pdf]
[mstl.atl.calpoly.edu/_workshop/archive/2011/Summer/10-Erb-MPPT.pdf]
[mstl.atl.calpoly.edu/_workshop/archive/2011/Summer/11-Rawashdeh-StellarGyroscope.pdf]
[mstl.atl.calpoly.edu/_workshop/archive/2011/Summer/12-Gunderson-EmergencyLocatorSignal.pdf]
[mstl.atl.calpoly.edu/_workshop/archive/2011/Summer/13-Samson-DMCubeSatTech.pdf]
[mstl.atl.calpoly.edu/_workshop/archive/2011/Summer/14-Kief-GENSO.pdf]
[mstl.atl.calpoly.edu/_workshop/archive/2011/Summer/15-MMA-HaWKSolarArray.pdf]
[mstl.atl.calpoly.edu/_workshop/archive/2011/Summer/16-Redi-ImprovingthePointingPerformance.pdf]
[mstl.atl.calpoly.edu/_workshop/archive/2011/Summer/17-Itkoe-Understandingneeds.pdf]
[mstl.atl.calpoly.edu/_workshop/archive/2011/Summer/18-Kekez-newnanosatdevelopments.pdf]
[mstl.atl.calpoly.edu/_workshop/archive/2011/Summer/19-Tubb-MissionEnabling.pdf]
[mstl.atl.calpoly.edu/_workshop/archive/2011/Summer/20-Kalman-PumpkinCSDWLU.pdf]
[mstl.atl.calpoly.edu/_workshop/archive/2011/Summer/21-Kalman-RecentDevelopments.pdf]
[mstl.atl.calpoly.edu/_workshop/archive/2011/Summer/22-George-StangSat.pdf]
[mstl.atl.calpoly.edu/_workshop/archive/2011/Summer/23-Siebrits-ZACUBE01.pdf]
[mstl.atl.calpoly.edu/_workshop/archive/2011/Summer/24-Kief-Trailblazer.pdf]
[mstl.atl.calpoly.edu/_workshop/archive/2011/Summer/25-MacGillivray-IntegratedHighPerf.pdf]
[mstl.atl.calpoly.edu/_workshop/archive/2011/Summer/index.html]
[mstl.atl.calpoly.edu/_workshop/archive/2012/indexc052.html]
[mstl.atl.calpoly.edu/_workshop/archive/2012/indexb70a.html]
[mstl.atl.calpoly.edu/_workshop/archive/2012/indexf8a0.html]
[mstl.atl.calpoly.edu/_workshop/archive/2012/index72c9.html]
[mstl.atl.calpoly.edu/_workshop/archive/2012/indexbfec.html]
[mstl.atl.calpoly.edu/_workshop/archive/2012/index5851.html]
[mstl.atl.calpoly.edu/_workshop/archive/2012/index30b5.html]
[mstl.atl.calpoly.edu/_workshop/archive/2012/indexad3f.html]
[mstl.atl.calpoly.edu/_workshop/archive/2012/Spring/01-Mathewson-Keynote.pdf]
[mstl.atl.calpoly.edu/_workshop/archive/2012/Spring/indexc052.html]
[mstl.atl.calpoly.edu/_workshop/archive/2012/Spring/indexf8a0.html]
[mstl.atl.calpoly.edu/_workshop/archive/2012/Spring/02-Puig-Suari-Future_of_CubeSat.pdf]
[mstl.atl.calpoly.edu/_workshop/archive/2012/Spring/indexbfec.html]
[mstl.atl.calpoly.edu/_workshop/archive/2012/Spring/03-Reinhard-QB50.pdf]
[mstl.atl.calpoly.edu/_workshop/archive/2012/Spring/index30b5.html]
[mstl.atl.calpoly.edu/_workshop/archive/2012/Spring/04-Klesh-Small_Body.pdf]
[mstl.atl.calpoly.edu/_workshop/archive/2012/Spring/05-Staehle-Interplanetary_CubeSat.pdf]
[mstl.atl.calpoly.edu/_workshop/archive/2012/Spring/06-La_Tour-SENSE.pdf]
[mstl.atl.calpoly.edu/_workshop/archive/2012/Spring/08-Straub-CubeSat_Exploration.pdf]
[mstl.atl.calpoly.edu/_workshop/archive/2012/Spring/09-Springmann-RAX-2_Performance.pdf]
[mstl.atl.calpoly.edu/_workshop/archive/2012/Spring/10-Kief-GENSO.pdf]
[mstl.atl.calpoly.edu/_workshop/archive/2012/Spring/11-Stanton-IPEX.pdf]
[mstl.atl.calpoly.edu/_workshop/archive/2012/Spring/12-Abbas-ADCS.pdf]
[mstl.atl.calpoly.edu/_workshop/archive/2012/Spring/13-Puerto-Libertad_2.pdf]
[mstl.atl.calpoly.edu/_workshop/archive/2012/Spring/14-Bennett-M_Cubed_Docked.pdf]
[mstl.atl.calpoly.edu/_workshop/archive/2012/Spring/15-Klumpar-HRBE_Performance.pdf]
[mstl.atl.calpoly.edu/_workshop/archive/2012/Spring/16-Rose-Cosmic_X-ray.pdf]
[mstl.atl.calpoly.edu/_workshop/archive/2012/Spring/18-Alexander-UNP.pdf]
[mstl.atl.calpoly.edu/_workshop/archive/2012/Spring/19-Straub-Education_CubeSat.pdf]
[mstl.atl.calpoly.edu/_workshop/archive/2012/Spring/20-Agasid-PhoneSat.pdf]
[mstl.atl.calpoly.edu/_workshop/archive/2012/Spring/21-Son-Individual_Launch.pdf]
[mstl.atl.calpoly.edu/_workshop/archive/2012/Spring/22-Williams-Highly_Integrated.pdf]
[mstl.atl.calpoly.edu/_workshop/archive/2012/Spring/23-Platzer-Nanosatellite_Ecosystem.pdf]
[mstl.atl.calpoly.edu/_workshop/archive/2012/Spring/24-Kalman-Designers_Gone_Wild.pdf]
[mstl.atl.calpoly.edu/_workshop/archive/2012/Spring/25-Milliron-Interorbital_N9.pdf]
[mstl.atl.calpoly.edu/_workshop/archive/2012/Spring/26-Szatkowski-ULA_Rideshare.pdf]
[mstl.atl.calpoly.edu/_workshop/archive/2012/Spring/27-Maly-CubeStack.pdf]
[mstl.atl.calpoly.edu/_workshop/archive/2012/Spring/28-Bostwick-NLV_Flights.pdf]
[mstl.atl.calpoly.edu/_workshop/archive/2012/Spring/29-Carroll-EDDE.pdf]
[mstl.atl.calpoly.edu/_workshop/archive/2012/Spring/30-Tran-Low_Energy_Transfers.pdf]
[mstl.atl.calpoly.edu/_workshop/archive/2012/Spring/31-Elstak-Access.pdf]
[mstl.atl.calpoly.edu/_workshop/archive/2012/Spring/32-Rawashdeh-SNAP.pdf]
[mstl.atl.calpoly.edu/_workshop/archive/2012/Spring/33-Clark-Solar_Panels.pdf]
[mstl.atl.calpoly.edu/_workshop/archive/2012/Spring/34-Panel_Yost-CubeSatMissionOperations.pdf]
[mstl.atl.calpoly.edu/_workshop/archive/2012/Spring/35-Wilcox-NationalReconsisanceOffice.pdf]
[mstl.atl.calpoly.edu/_workshop/archive/2012/Spring/36-Brown-CubeSatCommunications.pdf]
[mstl.atl.calpoly.edu/_workshop/archive/2012/Spring/37-Hughes-Autonomous_Ground_Station.pdf]
[mstl.atl.calpoly.edu/_workshop/archive/2012/Spring/38-Voronka-SDR_Downlinks.pdf]
[mstl.atl.calpoly.edu/_workshop/archive/2012/Spring/39-Rodencal-Battery_Charging.pdf]
[mstl.atl.calpoly.edu/_workshop/archive/2012/Spring/40-Kalman-Advanced_Power.pdf]
[mstl.atl.calpoly.edu/_workshop/archive/2012/Spring/41-Gonzales-Power_Simulation.pdf]
[mstl.atl.calpoly.edu/_workshop/archive/2012/Spring/42-Hennequin-High_Power_Systems.pdf]
[mstl.atl.calpoly.edu/_workshop/archive/2012/Spring/43-Bruhn-TechEdSat.pdf]
[mstl.atl.calpoly.edu/_workshop/archive/2012/Spring/44-Frequency-Allocation.pdf]
[mstl.atl.calpoly.edu/_workshop/archive/2012/Spring/45-Frey-Magnetic_Attitude.pdf]
[mstl.atl.calpoly.edu/_workshop/archive/2012/Spring/46-Springmann-Photodiode_Determination.pdf]
[mstl.atl.calpoly.edu/_workshop/archive/2012/Spring/47-Latch-Peregrine.pdf]
[mstl.atl.calpoly.edu/_workshop/archive/2012/Spring/48-Clark-Electric_Propulsion.pdf]
[mstl.atl.calpoly.edu/_workshop/archive/2012/Spring/49-Bailet-Re-Entry.pdf]
[mstl.atl.calpoly.edu/_workshop/archive/2012/Spring/50-Zoellener-Drag_Free_CubeSat.pdf]
[mstl.atl.calpoly.edu/_workshop/archive/2012/Spring/2012_workshop_schedule1.pdf]
[mstl.atl.calpoly.edu/_workshop/archive/2012/Spring/spring2012_poster.jpg]
[mstl.atl.calpoly.edu/_workshop/archive/2012/Spring/index.html]
[mstl.atl.calpoly.edu/_workshop/archive/2012/Summer/summer2012_poster.jpg]
[mstl.atl.calpoly.edu/_workshop/archive/2012/Summer/index.html]
[mstl.atl.calpoly.edu/_workshop/archive/2012/Summer/indexc052.html]
[mstl.atl.calpoly.edu/_workshop/archive/2013/indexc052.html]
[mstl.atl.calpoly.edu/_workshop/archive/2012/Summer/indexf8a0.html]
[mstl.atl.calpoly.edu/_workshop/archive/2012/Summer/indexbfec.html]
[mstl.atl.calpoly.edu/_workshop/archive/2013/indexf8a0.html]
[mstl.atl.calpoly.edu/_workshop/archive/2012/Summer/index30b5.html]
[mstl.atl.calpoly.edu/_workshop/archive/2012/Summer/Day 1/index.html]
[mstl.atl.calpoly.edu/_workshop/archive/2013/indexbfec.html]
[mstl.atl.calpoly.edu/_workshop/archive/2013/index30b5.html]
[mstl.atl.calpoly.edu/_workshop/archive/2012/Summer/Day 2/index.html]
[mstl.atl.calpoly.edu/_workshop/archive/2013/indexb70a.html]
[mstl.atl.calpoly.edu/_workshop/archive/2013/index72c9.html]
[mstl.atl.calpoly.edu/_workshop/archive/2013/index5851.html]
[mstl.atl.calpoly.edu/_workshop/archive/2013/Spring/2013presentationschedule.pdf]
[mstl.atl.calpoly.edu/_workshop/archive/2013/indexad3f.html]
[mstl.atl.calpoly.edu/_workshop/archive/2013/Spring/indexc052.html]
[mstl.atl.calpoly.edu/_workshop/archive/2013/Spring/Klofas_Communications_Survey_2009-2012.pdf]
[mstl.atl.calpoly.edu/_workshop/archive/2013/Spring/indexf8a0.html]
[mstl.atl.calpoly.edu/_workshop/archive/2013/Spring/indexbfec.html]
[mstl.atl.calpoly.edu/_workshop/archive/2013/Spring/spring2013_poster.jpg]
[mstl.atl.calpoly.edu/_workshop/archive/2013/Spring/index30b5.html]
[mstl.atl.calpoly.edu/_workshop/archive/2013/Spring/index.html]
[mstl.atl.calpoly.edu/_workshop/archive/2013/Spring/Day 1/index.html]
[mstl.atl.calpoly.edu/_workshop/archive/2013/Spring/AIAA_Small_Satellite_Technical_Committee/index.html]
[mstl.atl.calpoly.edu/_workshop/archive/2013/Spring/Day 2/index.html]
[mstl.atl.calpoly.edu/_workshop/archive/2013/Spring/Day 3/index.html]
[mstl.atl.calpoly.edu/_workshop/archive/2013/Summer/summer2013_poster.jpg]
[mstl.atl.calpoly.edu/_workshop/archive/2013/Summer/index.html]
[mstl.atl.calpoly.edu/_workshop/archive/2013/Spring/Groundstation Workshop/index.html]
[mstl.atl.calpoly.edu/_workshop/archive/2013/Summer/indexf8a0.html]
[mstl.atl.calpoly.edu/_workshop/archive/2014/indexc052.html]
[mstl.atl.calpoly.edu/_workshop/archive/2013/Summer/indexc052.html]
[mstl.atl.calpoly.edu/_workshop/archive/2014/indexf8a0.html]
[mstl.atl.calpoly.edu/_workshop/archive/2013/Summer/index30b5.html]
[mstl.atl.calpoly.edu/_workshop/archive/2013/Summer/indexbfec.html]
[mstl.atl.calpoly.edu/_workshop/archive/2014/indexbfec.html]
[mstl.atl.calpoly.edu/_workshop/archive/2013/Summer/Day 1/index.html]
[mstl.atl.calpoly.edu/_workshop/archive/2013/Summer/Day 2/index.html]
[mstl.atl.calpoly.edu/_workshop/archive/2014/index30b5.html]
[mstl.atl.calpoly.edu/_workshop/archive/2013/Summer/Video/index.html]
[mstl.atl.calpoly.edu/_workshop/archive/2014/index72c9.html]
[mstl.atl.calpoly.edu/_workshop/archive/2014/indexb70a.html]
[mstl.atl.calpoly.edu/_workshop/archive/2014/index5851.html]
[mstl.atl.calpoly.edu/_workshop/archive/2014/Spring/2014 Spring Workshop Schedule.pdf]
[mstl.atl.calpoly.edu/_workshop/archive/2014/Spring/index.html]
[mstl.atl.calpoly.edu/_workshop/archive/2014/indexad3f.html]
[mstl.atl.calpoly.edu/_workshop/archive/2014/Spring/indexc052.html]
[mstl.atl.calpoly.edu/_workshop/archive/2014/Summer/index.html]
[mstl.atl.calpoly.edu/_workshop/archive/2014/Spring/indexf8a0.html]
[mstl.atl.calpoly.edu/_workshop/archive/2014/Spring/indexbfec.html]
[mstl.atl.calpoly.edu/_workshop/archive/2015/indexc052.html]
[mstl.atl.calpoly.edu/_workshop/archive/2014/Spring/index30b5.html]
[mstl.atl.calpoly.edu/_workshop/archive/2014/Spring/Day 1/index.html]
[mstl.atl.calpoly.edu/_workshop/archive/2014/Spring/Day 2/index.html]
[mstl.atl.calpoly.edu/_workshop/archive/2015/indexf8a0.html]
[mstl.atl.calpoly.edu/_workshop/archive/2014/Spring/Day 3/index.html]
[mstl.atl.calpoly.edu/_workshop/archive/2015/indexbfec.html]
[mstl.atl.calpoly.edu/_workshop/archive/2014/Summer/indexc052.html]
[mstl.atl.calpoly.edu/_workshop/archive/2014/Summer/indexf8a0.html]
[mstl.atl.calpoly.edu/_workshop/archive/2015/index30b5.html]
[mstl.atl.calpoly.edu/_workshop/archive/2014/Summer/indexbfec.html]
[mstl.atl.calpoly.edu/_workshop/archive/2014/Summer/index30b5.html]
[mstl.atl.calpoly.edu/_workshop/archive/2014/Summer/Day 1/index.html]
[mstl.atl.calpoly.edu/_workshop/archive/2014/Summer/Day 2/index.html]
[mstl.atl.calpoly.edu/_workshop/archive/2015/Spring/2015 Spring Workshop Schedule.pdf]
[mstl.atl.calpoly.edu/_workshop/archive/2015/Spring/index.html]
[mstl.atl.calpoly.edu/_workshop/archive/2014/Summer/Video/index.html]
[mstl.atl.calpoly.edu/_workshop/archive/2015/indexb70a.html]
[mstl.atl.calpoly.edu/_workshop/archive/2015/Summer/index.html]
[mstl.atl.calpoly.edu/_workshop/archive/2015/index72c9.html]
[mstl.atl.calpoly.edu/_workshop/archive/2015/index5851.html]
[mstl.atl.calpoly.edu/_workshop/archive/2016/indexc052.html]
[mstl.atl.calpoly.edu/_workshop/archive/2015/indexad3f.html]
[mstl.atl.calpoly.edu/_workshop/archive/2016/indexf8a0.html]
[mstl.atl.calpoly.edu/_workshop/archive/2015/Spring/indexc052.html]
[mstl.atl.calpoly.edu/_workshop/archive/2015/Spring/indexbfec.html]
[mstl.atl.calpoly.edu/_workshop/archive/2015/Spring/indexf8a0.html]
[mstl.atl.calpoly.edu/_workshop/archive/2015/Spring/index30b5.html]
[mstl.atl.calpoly.edu/_workshop/archive/2016/indexbfec.html]
[mstl.atl.calpoly.edu/_workshop/archive/2015/Spring/Day 1/index.html]
[mstl.atl.calpoly.edu/_workshop/archive/2016/index30b5.html]
[mstl.atl.calpoly.edu/_workshop/archive/2015/Spring/Day 2/index.html]
[mstl.atl.calpoly.edu/_workshop/archive/2015/Spring/Day 3/index.html]
[mstl.atl.calpoly.edu/_workshop/archive/2015/Summer/indexc052.html]
[mstl.atl.calpoly.edu/_workshop/archive/2015/Summer/indexf8a0.html]
[mstl.atl.calpoly.edu/_workshop/archive/2016/Spring/2016 Spring Workshop Schedule.pdf]
[mstl.atl.calpoly.edu/_workshop/archive/2016/Spring/index.html]
[mstl.atl.calpoly.edu/_workshop/archive/2015/Summer/indexbfec.html]
[mstl.atl.calpoly.edu/_workshop/archive/2016/Summer/index.html]
[mstl.atl.calpoly.edu/_workshop/archive/2015/Summer/index30b5.html]
[mstl.atl.calpoly.edu/_workshop/archive/2015/Summer/Day 1/index.html]
[mstl.atl.calpoly.edu/_workshop/archive/2015/Summer/Day 2/index.html]
[mstl.atl.calpoly.edu/_workshop/archive/2017/indexc052.html]
[mstl.atl.calpoly.edu/_workshop/archive/2016/indexb70a.html]
[mstl.atl.calpoly.edu/_workshop/archive/2017/indexf8a0.html]
[mstl.atl.calpoly.edu/_workshop/archive/2017/indexbfec.html]
[mstl.atl.calpoly.edu/_workshop/archive/2016/index72c9.html]
[mstl.atl.calpoly.edu/_workshop/archive/2016/index5851.html]
[mstl.atl.calpoly.edu/_workshop/archive/2017/index30b5.html]
[mstl.atl.calpoly.edu/_workshop/archive/2016/indexad3f.html]
[mstl.atl.calpoly.edu/_workshop/archive/2016/Spring/indexc052.html]
[mstl.atl.calpoly.edu/_workshop/archive/2016/Spring/indexf8a0.html]
[mstl.atl.calpoly.edu/_workshop/archive/2016/Spring/indexbfec.html]
[mstl.atl.calpoly.edu/_workshop/archive/2017/Spring/2017-Spring-Workshop-Schedule.pdf]
[mstl.atl.calpoly.edu/_workshop/archive/2017/Spring/index.html]
[mstl.atl.calpoly.edu/_workshop/archive/2016/Spring/index30b5.html]
[mstl.atl.calpoly.edu/_workshop/archive/2016/Spring/Day 1/index.html]
[mstl.atl.calpoly.edu/_workshop/archive/2017/Summer/index.html]
[mstl.atl.calpoly.edu/_workshop/archive/2016/Spring/Day 2/index.html]
[mstl.atl.calpoly.edu/_workshop/archive/2016/Summer/indexc052.html]
[mstl.atl.calpoly.edu/_workshop/archive/2016/Spring/Day 3/index.html]
[mstl.atl.calpoly.edu/_workshop/archive/2018/indexc052.html]
[mstl.atl.calpoly.edu/_workshop/archive/2016/Summer/indexf8a0.html]
[mstl.atl.calpoly.edu/_workshop/archive/2018/indexf8a0.html]
[mstl.atl.calpoly.edu/_workshop/archive/2016/Summer/indexbfec.html]
[mstl.atl.calpoly.edu/_workshop/archive/2016/Summer/index30b5.html]
[mstl.atl.calpoly.edu/_workshop/archive/2018/indexbfec.html]
[mstl.atl.calpoly.edu/_workshop/archive/2016/Summer/Day 1/index.html]
[mstl.atl.calpoly.edu/_workshop/archive/2018/index30b5.html]
[mstl.atl.calpoly.edu/_workshop/archive/2016/Summer/Day 2/index.html]
[mstl.atl.calpoly.edu/_workshop/archive/2017/indexb70a.html]
[mstl.atl.calpoly.edu/_workshop/archive/2017/index72c9.html]
[mstl.atl.calpoly.edu/_workshop/archive/2017/index5851.html]
[mstl.atl.calpoly.edu/_workshop/archive/2017/indexad3f.html]
[mstl.atl.calpoly.edu/_workshop/archive/2018/Spring/2018-CDW-Schedule.pdf]
[mstl.atl.calpoly.edu/_workshop/archive/2018/Spring/index.html]
[mstl.atl.calpoly.edu/_workshop/archive/2017/Spring/indexc052.html]
[mstl.atl.calpoly.edu/_workshop/archive/2017/Spring/indexbfec.html]
[mstl.atl.calpoly.edu/_workshop/archive/2017/Spring/indexf8a0.html]
[mstl.atl.calpoly.edu/_workshop/archive/2019/indexc052.html]
[mstl.atl.calpoly.edu/_workshop/archive/2017/Spring/index30b5.html]
[mstl.atl.calpoly.edu/_workshop/archive/2017/Spring/Alternates/index.html]
[mstl.atl.calpoly.edu/_workshop/archive/2017/Spring/Day 1/index.html]
[mstl.atl.calpoly.edu/_workshop/archive/2019/indexf8a0.html]
[mstl.atl.calpoly.edu/_workshop/archive/2017/Spring/Day 2/index.html]
[mstl.atl.calpoly.edu/_workshop/archive/2017/Spring/Day 3/index.html]
[mstl.atl.calpoly.edu/_workshop/archive/2017/Summer/indexc052.html]
[mstl.atl.calpoly.edu/_workshop/archive/2019/indexbfec.html]
[mstl.atl.calpoly.edu/_workshop/archive/2017/Summer/indexf8a0.html]
[mstl.atl.calpoly.edu/_workshop/archive/2017/Summer/indexbfec.html]
[mstl.atl.calpoly.edu/_workshop/archive/2017/Summer/index30b5.html]
[mstl.atl.calpoly.edu/_workshop/archive/2019/index30b5.html]
[mstl.atl.calpoly.edu/_workshop/archive/2018/indexb70a.html]
[mstl.atl.calpoly.edu/_workshop/archive/2018/index72c9.html]
[mstl.atl.calpoly.edu/_workshop/archive/2018/index5851.html]
[mstl.atl.calpoly.edu/_workshop/archive/2018/indexad3f.html]
[mstl.atl.calpoly.edu/_workshop/archive/2019/Spring/2019-CDW-Schedule.pdf]
[mstl.atl.calpoly.edu/_workshop/archive/2018/Spring/indexc052.html]
[mstl.atl.calpoly.edu/_workshop/archive/2019/Spring/index.html]
[mstl.atl.calpoly.edu/_workshop/archive/2020/indexc052.html]
[mstl.atl.calpoly.edu/_workshop/archive/2018/Spring/indexf8a0.html]
[mstl.atl.calpoly.edu/_workshop/archive/2018/Spring/indexbfec.html]
[mstl.atl.calpoly.edu/_workshop/archive/2020/indexf8a0.html]
[mstl.atl.calpoly.edu/_workshop/archive/2018/Spring/index30b5.html]
[mstl.atl.calpoly.edu/_workshop/archive/2020/indexbfec.html]
[mstl.atl.calpoly.edu/_workshop/archive/2018/Spring/Day 1/index.html]
[mstl.atl.calpoly.edu/_workshop/archive/2018/Spring/Day 2/index.html]
[mstl.atl.calpoly.edu/_workshop/archive/2020/index30b5.html]
[mstl.atl.calpoly.edu/_workshop/archive/2019/indexb70a.html]
[mstl.atl.calpoly.edu/_workshop/archive/2018/Spring/Day 3/index.html]
[mstl.atl.calpoly.edu/_workshop/archive/2019/index72c9.html]
[mstl.atl.calpoly.edu/_workshop/archive/2019/index5851.html]
[mstl.atl.calpoly.edu/_workshop/archive/2019/indexad3f.html]
[mstl.atl.calpoly.edu/_workshop/archive/2020/Spring/2020 Workshop Virtual Schedule.pdf]
[mstl.atl.calpoly.edu/_workshop/archive/2019/Spring/indexc052.html]
[mstl.atl.calpoly.edu/_workshop/archive/2020/Spring/index.html]
[mstl.atl.calpoly.edu/_workshop/archive/2021/indexc052.html]
[mstl.atl.calpoly.edu/_workshop/archive/2019/Spring/indexbfec.html]
[mstl.atl.calpoly.edu/_workshop/archive/2019/Spring/indexf8a0.html]
[mstl.atl.calpoly.edu/_workshop/archive/2019/Spring/index30b5.html]
[mstl.atl.calpoly.edu/_workshop/archive/2021/indexf8a0.html]
[mstl.atl.calpoly.edu/_workshop/archive/2019/Spring/Day 2/index.html]
[mstl.atl.calpoly.edu/_workshop/archive/2019/Spring/Day 1/index.html]
[mstl.atl.calpoly.edu/_workshop/archive/2019/Spring/Day 3/index.html]
[mstl.atl.calpoly.edu/_workshop/archive/2020/indexb70a.html]
[mstl.atl.calpoly.edu/_workshop/archive/2021/indexbfec.html]
[mstl.atl.calpoly.edu/_workshop/archive/2021/index30b5.html]
[mstl.atl.calpoly.edu/_workshop/archive/2020/index72c9.html]
[mstl.atl.calpoly.edu/_workshop/archive/2020/index5851.html]
[mstl.atl.calpoly.edu/_workshop/archive/2020/indexad3f.html]
[mstl.atl.calpoly.edu/_workshop/archive/2020/Spring/indexc052.html]
[mstl.atl.calpoly.edu/_workshop/archive/2021/posters/Abhishek Akash Diggewadi – International Space University (ISU).pdf]
[mstl.atl.calpoly.edu/_workshop/archive/2020/Spring/indexf8a0.html]
[mstl.atl.calpoly.edu/_workshop/archive/2020/Spring/indexbfec.html]
[mstl.atl.calpoly.edu/_workshop/archive/2021/posters/Aleksander Bologna – Structures Unlimited LLC.pdf]
[mstl.atl.calpoly.edu/_workshop/archive/2020/Spring/index30b5.html]
[mstl.atl.calpoly.edu/_workshop/archive/2020/Spring/1 - Flight Missions/index.html]
[mstl.atl.calpoly.edu/_workshop/archive/2021/posters/Andrew Santangelo – sci_Zone.pdf]
[mstl.atl.calpoly.edu/_workshop/archive/2020/Spring/2 - Deep Space and Community Knowledge/index.html]
[mstl.atl.calpoly.edu/_workshop/archive/2020/Spring/3 - Communications/index.html]
[mstl.atl.calpoly.edu/_workshop/archive/2021/posters/Chalie Galliand – United States Military Academy.pdf]
[mstl.atl.calpoly.edu/_workshop/archive/2020/Spring/5 - Launch/index.html]
[mstl.atl.calpoly.edu/_workshop/archive/2020/Spring/4 - Upcoming Missions/index.html]
[mstl.atl.calpoly.edu/_workshop/archive/2021/posters/Craig Burkhard – NASA ARC.pdf]
[mstl.atl.calpoly.edu/_workshop/archive/2020/Spring/6 - Subsystems/index.html]
[mstl.atl.calpoly.edu/_workshop/archive/2020/Spring/7 - Technology/index.html]
[mstl.atl.calpoly.edu/_workshop/archive/2021/posters/Hakon E. Kindem – Orbit NTNU.pdf]
[mstl.atl.calpoly.edu/_workshop/archive/2020/Spring/8 - Model Based Systems Engineering and Open Source Initiatives/index.html]
[mstl.atl.calpoly.edu/_workshop/archive/2021/posters/Jean-Carl Keller – University Of Applied Sciences Augsburg.pdf]
[mstl.atl.calpoly.edu/_workshop/archive/2020/Spring/Posters/index.html]
[mstl.atl.calpoly.edu/_workshop/archive/2021/posters/Jerry Buxton – AMSAT.pdf]
[mstl.atl.calpoly.edu/_workshop/archive/2021/indexb70a.html]
[mstl.atl.calpoly.edu/_workshop/archive/2021/posters/Joshua Gurian – Rydberg Vacuum Sciences, Inc..pdf]
[mstl.atl.calpoly.edu/_workshop/archive/2021/index72c9.html]
[mstl.atl.calpoly.edu/_workshop/archive/2021/posters/Mike Galvin – Princeton University.pdf]
[mstl.atl.calpoly.edu/_workshop/archive/2021/posters/Nathan Barnwell – Naval Information Warfare Center Pacific.pdf]
[mstl.atl.calpoly.edu/_workshop/archive/2021/index5851.html]
[mstl.atl.calpoly.edu/_workshop/archive/2021/posters/Nicholas Belsten – MIT.pdf]
[mstl.atl.calpoly.edu/_workshop/archive/2021/indexad3f.html]
[mstl.atl.calpoly.edu/_workshop/archive/2021/posters/indexc052.html]
[mstl.atl.calpoly.edu/_workshop/archive/2021/posters/SWARM-EX CubeSat Design – Olin College of Engineering _ University of Colorado Boulder.pdf]
[mstl.atl.calpoly.edu/_workshop/archive/2021/posters/indexf8a0.html]
[mstl.atl.calpoly.edu/_workshop/archive/2021/posters/Sabrina Blais – Sonoma State University.pdf]
[mstl.atl.calpoly.edu/_workshop/archive/2021/posters/indexbfec.html]
[mstl.atl.calpoly.edu/_workshop/archive/2021/posters/index30b5.html]
[mstl.atl.calpoly.edu/_workshop/archive/2021/posters/Thermal assessment of CLIMB – a novel CubeSat mission to the Van Allen Belt.pdf]
[mstl.atl.calpoly.edu/_workshop/archive/2021/posters/Vasco Grilo – Instituto Superior Técnico.pdf]
[mstl.atl.calpoly.edu/_workshop/archive/2021/posters/Vincent Pereira.pdf]
[mstl.atl.calpoly.edu/_workshop/archive/2021/posters/index.html]
[mstl.atl.calpoly.edu/_workshop/archive/2021/presentations/index.html]
[mstl.atl.calpoly.edu/_workshop/archive/2021/presentations/indexc052.html]
[mstl.atl.calpoly.edu/_workshop/archive/2023/indexc052.html]
[mstl.atl.calpoly.edu/_workshop/archive/2021/presentations/indexf8a0.html]
[mstl.atl.calpoly.edu/_workshop/archive/2021/presentations/indexbfec.html]
[mstl.atl.calpoly.edu/_workshop/archive/2023/indexf8a0.html]
[mstl.atl.calpoly.edu/_workshop/archive/2021/presentations/index30b5.html]
[mstl.atl.calpoly.edu/_workshop/archive/2021/presentations/Day 1/index.html]
[mstl.atl.calpoly.edu/_workshop/archive/2023/indexbfec.html]
[mstl.atl.calpoly.edu/_workshop/archive/2021/presentations/Day 2/index.html]
[mstl.atl.calpoly.edu/_workshop/archive/2021/presentations/Day 3/index.html]
[mstl.atl.calpoly.edu/_workshop/archive/2023/index30b5.html]
[mstl.atl.calpoly.edu/_workshop/archive/2023/indexb70a.html]
[mstl.atl.calpoly.edu/_workshop/archive/2023/index72c9.html]
[mstl.atl.calpoly.edu/_workshop/archive/2023/index5851.html]
[mstl.atl.calpoly.edu/_workshop/archive/2023/presentations/2023_Day1_Session1_Brock+MooneyRivkin_CDH.pdf]
[mstl.atl.calpoly.edu/_workshop/archive/2023/indexad3f.html]
[mstl.atl.calpoly.edu/_workshop/archive/2023/presentations/2023_Day1_Session1_Brock_MooneyRivki_TechEdSat.pdf]
[mstl.atl.calpoly.edu/_workshop/archive/2023/presentations/indexc052.html]
[mstl.atl.calpoly.edu/_workshop/archive/2023/presentations/indexf8a0.html]
[mstl.atl.calpoly.edu/_workshop/archive/2023/presentations/2023_Day1_Session1_Clark.pdf]
[mstl.atl.calpoly.edu/_workshop/archive/2023/presentations/indexbfec.html]
[mstl.atl.calpoly.edu/_workshop/archive/2023/presentations/index30b5.html]
[mstl.atl.calpoly.edu/_workshop/archive/2023/presentations/2023_Day1_Session1_Dimov.pdf]
[mstl.atl.calpoly.edu/_workshop/archive/2023/presentations/2023_Day1_Session1_Grenfell.pdf]
[mstl.atl.calpoly.edu/_workshop/archive/2023/presentations/2023_Day1_Session1_Ke.pdf]
[mstl.atl.calpoly.edu/_workshop/archive/2023/presentations/2023_Day1_Session2_Adams.pdf]
[mstl.atl.calpoly.edu/_workshop/archive/2023/presentations/2023_Day1_Session2_Harrison.pdf]
[mstl.atl.calpoly.edu/_workshop/archive/2023/presentations/2023_Day1_Session2_Kmetz.pdf]
[mstl.atl.calpoly.edu/_workshop/archive/2023/presentations/2023_Day1_Session2_Mehner.pdf]
[mstl.atl.calpoly.edu/_workshop/archive/2023/presentations/2023_Day1_Session2_Padget.pdf]
[mstl.atl.calpoly.edu/_workshop/archive/2023/presentations/2023_Day1_Session3_Beck.pdf]
[mstl.atl.calpoly.edu/_workshop/archive/2023/presentations/2023_Day1_Session3_JoergerRamirezPeticolas.pdf]
[mstl.atl.calpoly.edu/_workshop/archive/2023/presentations/2023_Day1_Session3_Pastrana.pdf]
[mstl.atl.calpoly.edu/_workshop/archive/2023/presentations/2023_Day1_Session3_Pham.pdf]
[mstl.atl.calpoly.edu/_workshop/archive/2023/presentations/2023_Day1_Session3_Sandrock.pdf]
[mstl.atl.calpoly.edu/_workshop/archive/2023/presentations/2023_Day1_Session3_Sun.pdf]
[mstl.atl.calpoly.edu/_workshop/archive/2023/presentations/2023_Day1_Session3_VicunaCrawford.pdf]
[mstl.atl.calpoly.edu/_workshop/archive/2023/presentations/2023_Day2_Session4_Belsten.pdf]
[mstl.atl.calpoly.edu/_workshop/archive/2023/presentations/2023_Day2_Session4_Luna.pdf]
[mstl.atl.calpoly.edu/_workshop/archive/2023/presentations/2023_Day2_Session4_Rodriguez.pdf]
[mstl.atl.calpoly.edu/_workshop/archive/2023/presentations/2023_Day2_Session4_Srestha.pdf]
[mstl.atl.calpoly.edu/_workshop/archive/2023/presentations/2023_Day2_Session4_Yendler.pdf]
[mstl.atl.calpoly.edu/_workshop/archive/2023/presentations/2023_Day2_Session5_Carroll.pdf]
[mstl.atl.calpoly.edu/_workshop/archive/2023/presentations/2023_Day2_Session5_CheneyPhelps.pdf]
[mstl.atl.calpoly.edu/_workshop/archive/2023/presentations/2023_Day2_Session5_ Lorenzoni.pdf]
[mstl.atl.calpoly.edu/_workshop/archive/2023/presentations/2023_Day2_Session5_McCulloch.pdf]
[mstl.atl.calpoly.edu/_workshop/archive/2023/presentations/2023_Day2_Session5_PasoRobles.pdf]
[mstl.atl.calpoly.edu/_workshop/archive/2023/presentations/2023_Day2_Session5_Pastrana.pdf]
[mstl.atl.calpoly.edu/_workshop/archive/2023/presentations/2023_Day2_Session6_DuntonOutcaltNottberg.pdf]
[mstl.atl.calpoly.edu/_workshop/archive/2023/presentations/2023_Day2_Session6_Lee.pdf]
[mstl.atl.calpoly.edu/_workshop/archive/2023/presentations/2023_Day2_Session6_Nugent.pdf]
[mstl.atl.calpoly.edu/_workshop/archive/2023/presentations/2023_Day2_Session6_Stem.pdf]
[mstl.atl.calpoly.edu/_workshop/archive/2023/presentations/2023_Day2_Session6_ThibaultNance.pdf]
[mstl.atl.calpoly.edu/_workshop/archive/2023/presentations/2023_Day3_Session7_BedakgarMurad.pdf]
[mstl.atl.calpoly.edu/_workshop/archive/2023/presentations/2023_Day3_Session7_Conroy.pdf]
[mstl.atl.calpoly.edu/_workshop/archive/2023/presentations/2023_Day3_Session7_Nercellas.pdf]
[mstl.atl.calpoly.edu/_workshop/archive/2023/presentations/2023_Day3_Session7_Villat.pdf]
[mstl.atl.calpoly.edu/_workshop/archive/2023/presentations/2023_Day3_Session8_BhattaramChalgeri.pdf]
[mstl.atl.calpoly.edu/_workshop/archive/2023/presentations/2023_Day3_Session8_Bogman.pdf]
[mstl.atl.calpoly.edu/_workshop/archive/2023/presentations/2023_Day3_Session8_Gulick.pdf]
[mstl.atl.calpoly.edu/_workshop/archive/2023/presentations/2023_Day3_Session8_KabotBahn.pdf]
[mstl.atl.calpoly.edu/_workshop/archive/2023/presentations/2023_Day3_Session8_ShetaVishnepolsky.pdf]
[mstl.atl.calpoly.edu/_workshop/archive/2023/presentations/index.html]
[mstl.atl.calpoly.edu/_workshop/archive/2023/recordings/indexc052.html]
[mstl.atl.calpoly.edu/icons/movie.gif]
[mstl.atl.calpoly.edu/_workshop/archive/2023/recordings/indexf8a0.html]
[mstl.atl.calpoly.edu/_workshop/archive/2023/recordings/indexbfec.html]
[mstl.atl.calpoly.edu/_workshop/archive/2023/recordings/CDW2023 Day 1 Keynote.mp4]
[mstl.atl.calpoly.edu/_workshop/archive/2023/recordings/index30b5.html]
[mstl.atl.calpoly.edu/_workshop/archive/2023/recordings/CDW2023 Day 1 Session 1.mp4]
[mstl.atl.calpoly.edu/_workshop/archive/2023/recordings/CDW2023 Day 1 Session 2.mp4]
[mstl.atl.calpoly.edu/_workshop/archive/2023/recordings/CDW2023 Day 1 Session 3.qt]
